// Jest Snapshot v1, https://goo.gl/fbAQLP

exports[`PlayerInfoComponent renders correctly 1`] = `
<div
  className="players-content card"
>
  <link
    href="https://cdn.jsdelivr.net/npm/bootstrap-icons@1.7.2/font/bootstrap-icons.css"
    rel="stylesheet"
  />
  <div
    className="player-title font-italic text-center card-header"
  >
    Players Info
  </div>
  <div
    className="player-list"
  >
    <div
      className="player-info"
    >
      <div
        className="player-name-button"
      >
        <span
          className=" text-left font-weight-bold"
        >
          test
        </span>
        <button
          className="btn btn-link"
          type="button"
        >
          <span
            className="bi bi-mic fa-lg"
          />
        </button>
      </div>
      <div
        className="piece-container"
      >
        <div
          className="player-piece"
          style={
            Object {
              "backgroundColor": "#000",
            }
          }
        />
        <div
          className="player-emergency"
        />
      </div>
    </div>
    <div
      className="player-info"
    >
      <div
        className="player-name-button"
      >
        <span
          className=" text-left font-weight-bold"
        >
          test2
        </span>
        <button
          className="btn btn-link"
          type="button"
        >
          <span
            className="bi bi-mic fa-lg"
          />
        </button>
      </div>
      <div
        className="piece-container"
      >
        <div
          className="player-piece"
          style={
            Object {
              "backgroundColor": "#f00",
            }
          }
        />
        <div
          className="player-emergency"
        />
      </div>
    </div>
  </div>
</div>
`;

exports[`PlayerInfoComponent should show player color when a socket event is received 1`] = `
"Snapshot Diff:
- First value
+ Second value

@@ -38,11 +38,11 @@
        >
          <div
            className=\\"player-piece\\"
            style={
              Object {
-               \\"backgroundColor\\": \\"#000\\",
+               \\"backgroundColor\\": \\"#ff0\\",
              }
            }
          />
          <div
            className=\\"player-emergency\\"
@@ -74,11 +74,11 @@
        >
          <div
            className=\\"player-piece\\"
            style={
              Object {
-               \\"backgroundColor\\": \\"#f00\\",
+               \\"backgroundColor\\": \\"#000\\",
              }
            }
          />
          <div
            className=\\"player-emergency\\""
`;

exports[`PlayerInfoComponent should show player nick name when a socket event is received 1`] = `
"Snapshot Diff:
- First value
+ Second value

@@ -20,11 +20,11 @@
          className=\\"player-name-button\\"
        >
          <span
            className=\\" text-left font-weight-bold\\"
          >
-           test
+           newName
          </span>
          <button
            className=\\"btn btn-link\\"
            type=\\"button\\"
          >"
`;
